// Compilers view of MMU. Note these values are determined by the origin statements in the BIOS.
//Segment           Origin     Size
Root Code           00:0000    003c74
Root Data           91:c9e8    000616
Xmem Code           f8:e200    00167a



// Function mapping and source reference.
// * The size of labels is indeterminate and so is denoted with an asterisk.
//  Addr     Size   Function                        File                         Line Num
    1b19        *   main                            \UNTITLED1.C                       12
    1b55        *   setBarcos                       \UNTITLED1.C                       38
    1b5e        *   agregarBarco                    \UNTITLED1.C                       44
    1b82        *   agBarco31                       \UNTITLED1.C                       64
    1b8f        *   agBarco32                       \UNTITLED1.C                       73
    1b9c        *   agBarco33                       \UNTITLED1.C                       82
    1bb5        *   agBarco21                       \UNTITLED1.C                       95
    1bc2        *   agBarco22                       \UNTITLED1.C                      104
    1bdb        *   agBarco1                        \UNTITLED1.C                      117
    1bf4        *   comienzo                        \UNTITLED1.C                      130
    1c2a        *   primerJugador                   \UNTITLED1.C                      150
    1c55        *   segundoJugador                  \UNTITLED1.C                      165
    1c64        *   noTurno                         \UNTITLED1.C                      172
    1cbe        *   esperar                         \UNTITLED1.C                      213
    1ccc        *   turno                           \UNTITLED1.C                      220
    1cdf        *   enviarCoordenada                \UNTITLED1.C                      229
    1cff        *   procesarCoordenada              \UNTITLED1.C                      240
    1d1b        *   filaA                           \UNTITLED1.C                      257
    1d20        *   filaB                           \UNTITLED1.C                      261
    1d25        *   filaC                           \UNTITLED1.C                      265
    1d2a        *   filaD                           \UNTITLED1.C                      269
    1d2f        *   parsearFila                     \UNTITLED1.C                      273
    1d36        *   retParsear                      \UNTITLED1.C                      278
    1d5d        *   procesarRespuesta               \UNTITLED1.C                      301
    1d6d        *   recibeToc                       \UNTITLED1.C                      312
    1d7c        *   recibeH                         \UNTITLED1.C                      319
    1d8f        *   recibeHU                        \UNTITLED1.C                      330
    1d9e        *   recibeH2                        \UNTITLED1.C                      337
    1dad        *   barco1Hun                       \UNTITLED1.C                      344
    1db9        *   barco21Toc                      \UNTITLED1.C                      350
    1dc4        *   barco22Toc                      \UNTITLED1.C                      356
    1dcf        *   barco31Toc                      \UNTITLED1.C                      362
    1dda        *   barco32Toc                      \UNTITLED1.C                      368
    1de5        *   barco33Toc                      \UNTITLED1.C                      374
    1df0        *   verificBar2Hun                  \UNTITLED1.C                      380
    1e03        *   verificBar3Hun                  \UNTITLED1.C                      389
    1e1e        *   sendToc                         \UNTITLED1.C                      401
    1e48        *   sendHun                         \UNTITLED1.C                      416
    1e72        *   sendH2O                         \UNTITLED1.C                      431
    1e9c        *   int1_isr                        \UNTITLED1.C                      448
    1eaa        *   int1ret                         \UNTITLED1.C                      454
    1eb7        *   int0_isr                        \UNTITLED1.C                      461
    1ec5        *   int0ret                         \UNTITLED1.C                      467
    1fd7        *   volverBoton0                    \UNTITLED1.C                      576
    1fea        *   coordenadaSegunda0              \UNTITLED1.C                      586
    2014        *   sumaSegunda1                    \UNTITLED1.C                      609
    2030        *   retBoton00y01                   \UNTITLED1.C                      624
    2189        *   mal0                            \UNTITLED1.C                      807
    21a5        *   iniciaDisplay                   \UNTITLED1.C                      832
    2206        *   send                            \UNTITLED1.C                      866
    2218        *   delay100us                      \UNTITLED1.C                      876
    2222        *   delay5ms                        \UNTITLED1.C                      886
    2225        *   loop5ms1                        \UNTITLED1.C                      889
    2231        *   delay15ms                       \UNTITLED1.C                      900
    2235        *   loop15ms                        \UNTITLED1.C                      904
    2237        *   loop15ms2                       \UNTITLED1.C                      906
    2248        *   delayinst                       \UNTITLED1.C                      920
    224b        *   loopdelayinst                   \UNTITLED1.C                      923
    2258        *   ledError                        \UNTITLED1.C                      934
    2265        *   loop                            \UNTITLED1.C                      941
    227c        *   delay                           \UNTITLED1.C                      951
    2292       49   SetVectExtern3000               \SYS.LIB                         1068
    22c3      161   premain                         \PROGRAM.LIB                      110
    2364        *   L_not                           \UTIL.LIB                        1217
    2364        *   G_not                           \UTIL.LIB                        1218
    236d        *   long_0                          \UTIL.LIB                        1203
    2372        *   exception                       \ERRORS.LIB                       115
    239f      701   _Init_Stacks                    \STACK.LIB                        421
    265c      316   _Get_Stack_Size                 \STACK.LIB                        504
    2798      331   _Alloc_Stack                    \STACK.LIB                        582
    28e3      179   _Dealloc_Stack                  \STACK.LIB                        660
    2996        *   eq_4                            \UTIL.LIB                        1161
    2996        *   cf_eq                           \UTIL.LIB                        1162
    29b6        *   cf_ne                           \UTIL.LIB                        1190
    29b6        *   neq_4                           \UTIL.LIB                        1191
    29bb       54   _gen_lin2seg                    \XMEM.LIB                          93
    29f1        *   L_asr                           \MUTIL.LIB                        418
    2a20        *   _ZGLExit                        \MUTIL.LIB                        525
    2a22        *   G_rmax                          \MUTIL.LIB                        528
    2a2a        *   L_go                            \MUTIL.LIB                        513
    2a2e        *   cl_lt                           \UTIL.LIB                         933
    2a34        *   cl_gt                           \UTIL.LIB                         936
    2a37        *   cl_glt                          \UTIL.LIB                         938
    2a55        *   cl_le                           \UTIL.LIB                         968
    2a5b        *   cl_ge                           \UTIL.LIB                         971
    2a61        *   sstak                           \UTIL.LIB                         974
    2a9d        *   swaps_                          \UTIL.LIB                        1248
    2aae        *   L_add                           \MUTIL.LIB                        745
    2aae        *   G_add                           \MUTIL.LIB                        746
    2aba        *   L_sub                           \MUTIL.LIB                        764
    2aba        *   G_sub                           \MUTIL.LIB                        765
    2ac8        *   swap4_                          \UTIL.LIB                        1231
    2ad1        *   L_or                            \MUTIL.LIB                        366
    2ad1        *   G_or                            \MUTIL.LIB                        367
    2ae3        *   L_mul                           \MUTIL.LIB                        828
    2ae3        *   G_mul                           \MUTIL.LIB                        829
    2b17        *   G_asl                           \MUTIL.LIB                        484
    2b17        *   L_asl                           \MUTIL.LIB                        485
    2b3a       20   xalloc                          \STACK.LIB                        331
    2b4e      546   _rs_xalloc                      \MEM.LIB                          357
    2d70       46   xmem2root                       \XMEM.LIB                         233
    2d9e        *   xmem_cpyblkfwd                  \XMEM.LIB                         302
    2e16        *   xmem_cpyblkbwd                  \XMEM.LIB                         405
    2e9a      530   xmem2xmem                       \XMEM.LIB                         513
    30ac        *   cg_le                           \UTIL.LIB                         873
    30c6        *   cg_lt                           \UTIL.LIB                         834
    30d6        *   L_and                           \MUTIL.LIB                        339
    30d6        *   G_and                           \MUTIL.LIB                        340
    30e8        *   _init_bad_interrupts            \PROGRAM.LIB                      280
    3205        *   _unexp_interrupt                \UTIL.LIB                        2052
    3222        *   _disable_peripheral_interrupts  \UTIL.LIB                        1927
    3265        *   exit                            \SYS.LIB                           57
    3281        *   memset                          \STRING.LIB                       478
    329d        *   _param3                         \UTIL.LIB                         732
    32ac        *   periodic_isr                    \STDVDRIVER.LIB                   153
    32b3        *   periodic_isr_ep2                \STDVDRIVER.LIB                   160
    3343        *   bios_intexit                    \STDVDRIVER.LIB                   320
    335e        *   __slice_tick                    \SLICE.LIB                         78
    3379        *   hitwd                           \VDRIVER.LIB                      106
    3380        *   st4_s                           \CSUPPORT.LIB                     339
    3387        *   slong_s                         \CSUPPORT.LIB                     344
    3395        *   llong_                          \CSUPPORT.LIB                     620
    339e        *   st4_                            \CSUPPORT.LIB                     632
    33a5        *   slong_                          \CSUPPORT.LIB                     638
    33ad        *   _ProgStkSwitch                  \STACK.LIB                        729
    33c6        *   _BiosStkSwitch                  \STACK.LIB                        765
    33d1      194   dkDoWatchExpression             \DKCORE.LIB                      2881
    3493        *   dkAddWatch                      \DKCORE.LIB                      2488
    34bd        *   __dk_executewatch               \DKCORE.LIB                      2657
    3518        *   dkSavepcrst2028                 \DKCORE.LIB                       487
    352b        *   dkCopyNextInstruction           \DKCORE.LIB                      1534
    3543        *   __dk_ldp_LogToPhyCode           \DKCORE.LIB                      1567
    3552        *   __dk_copylcallreturn            \DKCORE.LIB                      1910
    3568        *   __dk_do_djnz                    \DKCORE.LIB                      2053
    356e        *   __dk_handle_djnz                \DKCORE.LIB                      2059
    35a2        *   __dk_handle_retf                \DKCORE.LIB                      2099
    35b6        *   __dk_handle_jpf                 \DKCORE.LIB                      2118
    35dd        *   __dk_handle_jrcc                \DKCORE.LIB                      2144
    35e0        *   __dk_handle_ldir                \DKCORE.LIB                      2147
    3664        *   dkDoHook                        \DKCORE.LIB                      1441
    3675        *   dkRestoreContext                \DKCORE.LIB                      1383
    36b2        *   dkEpilog                        \DKENTRY.LIB                      126
    36c8        *   dkRespond                       \DKCORE.LIB                      3236
    36cc        *   dkStartup                       \DKCOMMON.LIB                     204
    36d3        *   dkInitDebugKernel               \DKCOMMON.LIB                      76
    3753        *   dkSetReturnAddress              \DKCOMMON.LIB                     234
    37b8        *   dkHandleRST20                   \DKCOMMON.LIB                     299
    3898        *   dkProlog                        \DKENTRY.LIB                       72
    38b2        *   dkConvertAddress                \DKCORE.LIB                       989
    38c6        *   dkSaveContext                   \DKCORE.LIB                       387
    38f7        *   LongToXaddr                     \SYSIO.LIB                        552
    3917        *   _dkxexit                        \DKCOMMON.LIB                      12
    3953        *   __xexit__                       \DKCOMMON.LIB                      56
    39a5        *   dkCallback                      \DKAPP.LIB                        758
    39cf        *   dkSetSingleStepCommand          \DKAPP.LIB                         94
    39f5        *   dkSetRunProgramCommand          \DKAPP.LIB                        159
    39fa        *   dkSetStopProgramCommand         \DKAPP.LIB                        185
    39ff        *   dkHandleStartProgram            \DKAPP.LIB                        202
    3a04        *   dkHandleToggleBreakpoint        \DKAPP.LIB                        208
    3a21        *   dkClearAllBreakpoints           \DKAPP.LIB                        241
    3a26        *   dkHandleRegRead                 \DKAPP.LIB                        431
    3a2b        *   dkHandleRegWrite                \DKAPP.LIB                        435
    3a47        *   dkHandleNoop                    \DKAPP.LIB                        453
    3a50        *   dkHandleReset                   \DKAPP.LIB                        459
    3a59        *   dkSendStkTrace                  \DKAPP.LIB                        473
    3a5e        *   dkSetSendFlags                  \DKAPP.LIB                        511
    3a7e        *   dkHandleAddWatch                \DKAPP.LIB                        530
    3a98        *   dkHandleDeleteWatch             \DKAPP.LIB                        547
    3aad        *   dkHandleDeleteAllWatches        \DKAPP.LIB                        573
    3ab2        *   dkHandleExecuteWatch            \DKAPP.LIB                        579
    3ad4        *   dkHandleExecAllWatches          \DKAPP.LIB                        616
    3ad9        *   dkHandleWatchData               \DKAPP.LIB                        624
    3ae9        *   dkHandleSendChar                \DKAPP.LIB                        637
    3afa        *   dkHandleStdioCharReady          \DKAPP.LIB                        646
    3b0e        *   dkHandleGetEnabledOptions       \DKAPP.LIB                        677
    3b13        *   dkUnlockStdio                   \DKAPP.LIB                        697
    3b18       15   dkSetStdioTimer                 \DKCOMMON.LIB                     526
    3b27       42   dkCheckStdioTimeOut             \DKCOMMON.LIB                     535
    3b51       15   dkSetGetCharTimer               \DKCOMMON.LIB                     549
    3b60       35   dkCheckGetCharTimeOut           \DKCOMMON.LIB                     558
    3b83        *   llong_s                         \CSUPPORT.LIB                     317
    3b92        *   dkHandleRST28                   \DKENTRY.LIB                      346
    3bb5        *   dkHandleRST18                   \DKENTRY.LIB                      211
 f8:e916       10   paddr                           \XMEM.LIB                        1102
 f8:e920       46   root2xmem                       \XMEM.LIB                         174
 f8:e94e       16   _rk_alloc_calc_chksum           \MEM.LIB                           58
 f8:e95e       10   _disable_serial_interrupt       \UTIL.LIB                        2003
 f8:e968       65   _init_xalloc                    \MEM.LIB                          645
 f8:e9a9      508   _rs_xalloc_init                 \MEM.LIB                           90
 f8:eba5      339   _rs_alloc_init                  \MEM.LIB                          239
 f8:ecf8       16   VdInit                          \VDRIVER.LIB                       64
 f8:ed08       24   vwdogInit                       \VDRIVER.LIB                      139
 f8:ed20        *   periodic_init                   \STDVDRIVER.LIB                    94
 f8:ed6a        *   vwdog                           \VDRIVER.LIB                      374
 f8:edaf       16   slicefsp_init                   \SLICE.LIB                         29
 f8:edbf       87   read_rtc                        \RTCLOCK.LIB                      176
 f8:ee16        *   dkDeleteWatch                   \DKCORE.LIB                      2528
 f8:eecd        *   dkDeleteAllWatches              \DKCORE.LIB                      2646
 f8:eedd        *   dkExecuteWatch                  \DKCORE.LIB                      2716
 f8:ef1f        *   dkExecuteAllWatches             \DKCORE.LIB                      2746
 f8:ef9c        *   dkSendWatches                   \DKCORE.LIB                      2822
 f8:efab        *   dkCore                          \DKCORE.LIB                       510
 f8:efbd        *   __dk_sendstatusret              \DKCORE.LIB                       522
 f9:e030        *   dkSendStatus                    \DKCORE.LIB                       636
 f9:e06a        *   __dk_eawret                     \DKCORE.LIB                       669
 f9:e097        *   dkSingleStep                    \DKCORE.LIB                      1464
 f9:e0c2        *   dkCSingleStep                   \DKCORE.LIB                      1494
 f9:e0e0        *   dkSingleStepExit                \DKENTRY.LIB                       50
 f9:e0e2        *   dkAsmSingleStep                 \DKCORE.LIB                      1582
 f9:e16b        *   __dk_checkddprefix              \DKCORE.LIB                      1669
 f9:e174        *   __dk_checkedprefix              \DKCORE.LIB                      1676
 f9:e192        *   __dk_checkfdprefix              \DKCORE.LIB                      1726
 f9:e19b        *   __dk_call                       \DKCORE.LIB                      1733
 f9:e1cc        *   __dk_stepintocall               \DKCORE.LIB                      1759
 f9:e1df        *   __dk_ret                        \DKCORE.LIB                      1769
 f9:e1e6        *   __dk_retf                       \DKCORE.LIB                      1774
 f9:e205        *   __dk_reti                       \DKCORE.LIB                      1790
 f9:e214        *   __dk_djnz                       \DKCORE.LIB                      1802
 f9:e22b        *   __dk_jphl                       \DKCORE.LIB                      1816
 f9:e234        *   __dk_jpix                       \DKCORE.LIB                      1821
 f9:e23d        *   __dk_jpiy                       \DKCORE.LIB                      1827
 f9:e246        *   __dk_jp                         \DKCORE.LIB                      1832
 f9:e24f        *   __dk_jpf                        \DKCORE.LIB                      1837
 f9:e26d        *   __dk_jrcc                       \DKCORE.LIB                      1851
 f9:e28d        *   __dk_jr                         \DKCORE.LIB                      1866
 f9:e2a4        *   __dk_lcall                      \DKCORE.LIB                      1881
 f9:e2e2        *   __dk_lret                       \DKCORE.LIB                      1934
 f9:e2f2        *   __dk_ldxpca                     \DKCORE.LIB                      1944
 f9:e2fc        *   __dk_ldaxpc                     \DKCORE.LIB                      1950
 f9:e310        *   __dk_do_ldir                    \DKCORE.LIB                      1962
 f9:e322        *   __dk_ldir                       \DKCORE.LIB                      1971
 f9:e328        *   __dk_ljp                        \DKCORE.LIB                      2003
 f9:e337        *   __dk_rst2028                    \DKCORE.LIB                      2011
 f9:e341        *   __dkReenterRST18                \DKCORE.LIB                      2017
 f9:e349        *   __dkCopyToRam                   \DKCORE.LIB                      2022
 f9:e35e        *   __dkExecInRAM                   \DKCORE.LIB                      2035
 f9:e376        *   dkExit                          \DKENTRY.LIB                       29
 f9:e378        *   dkGetOplength                   \DKCORE.LIB                      2271
 f9:e3b4        *   dkOplen                         \DKCORE.LIB                      2319
 f9:e44f        *   dkPollSerialPort                \DKCORE.LIB                       460
 f9:e465        *   dkRunProgram                    \DKCORE.LIB                       764
 f9:e47d        *   dkStopProgram                   \DKCORE.LIB                       785
 f9:e497        *   dkStartProgram                  \DKCORE.LIB                       736
 f9:e4ac        *   dkSavepc                        \DKCORE.LIB                       445
 f9:e4bc        *   dkEnableRST28                   \DKCORE.LIB                      3298
 f9:e4c3        *   dkDisableRST28                  \DKCORE.LIB                      3307
 f9:e4ca        *   dkEnableRST20                   \DKCORE.LIB                      3333
 f9:e4d1        *   dkDisableRST20                  \DKCORE.LIB                      3337
 f9:e4d8        *   dkEnableRST18                   \DKCORE.LIB                      3359
 f9:e4df        *   dkDisableRST18                  \DKCORE.LIB                      3363
 f9:e4e6        *   dkGetStructMemberAddr           \DKCORE.LIB                      2439
 f9:e4f0        *   dkCheckEntry                    \DKCORE.LIB                       372
 f9:e4fb        *   dkBPTableFindEmpty              \DKCORE.LIB                       865
 f9:e502        *   dkBPTableFindBP                 \DKCORE.LIB                       874
 f9:e58d        *   dkToggleBreakpoint              \DKCORE.LIB                      1011
 f9:e687        *   dkClearBPTable                  \DKCORE.LIB                      1269
 f9:e69b        *   dkToggleAllBreakpoints          \DKCORE.LIB                      1285
 f9:e6b9        *   dkResetBreakpoints              \DKCORE.LIB                      1304
 f9:e6bb        *   __dk_setrun                     \DKAPP.LIB                        124
 f9:e6e3        *   __dk_setstop                    \DKAPP.LIB                        165
 f9:e70f        *   __dk_startprogram               \DKAPP.LIB                        191
 f9:e721        *   __dk_clearallbps                \DKAPP.LIB                        228
 f9:e738        *   __dk_regread                    \DKAPP.LIB                        249
 f9:e749        *   dkSendStackTraceInfo            \DKAPP.LIB                        261
 f9:e7f9        *   __dk_deleteallwatches           \DKAPP.LIB                        563
 f9:e807        *   __dk_execallwatches             \DKAPP.LIB                        599
 f9:e825        *   __dk_getenabledoptions          \DKAPP.LIB                        658
 f9:e849        *   __dk_unlockstdio                \DKAPP.LIB                        687
 f9:e856        *   dkGetCharFromStdio              \DKCORE.LIB                      3022


// Global/static data symbol mapping and source reference.
//  Addr     Size   Symbol                          File                         Line Num  Type
 91:c63c        1   barco1                          \UNTITLED1.C                        1  char            
 91:c63b        1   barco21                         \UNTITLED1.C                        2  char            
 91:c63a        1   barco22                         \UNTITLED1.C                        3  char            
 91:c639        1   barco31                         \UNTITLED1.C                        4  char            
 91:c638        1   barco32                         \UNTITLED1.C                        5  char            
 91:c637        1   barco33                         \UNTITLED1.C                        6  char            
 91:c636        1   coordenada1                     \UNTITLED1.C                        7  char            
 91:c635        1   coordenada2                     \UNTITLED1.C                        8  char            
 91:c634        1   coordenada3                     \UNTITLED1.C                        9  char            
 91:c630        4   __initial_stack                 \PROGRAM.LIB                       77  long            
 91:c62c        4   freeStacks                      \STACK.LIB                        390  long[]          
    2395       10   stackSizes                      \STACK.LIB                        391  const unsigned int[]
 91:c628        4   BaseOfStacks1                   \STACK.LIB                        344  unsigned long   
 91:c624        4   BaseOfStacks2                   \STACK.LIB                        344  unsigned long   
 91:c620        4   SizeOfStacks1                   \STACK.LIB                        345  unsigned long   
 91:c61c        4   SizeOfStacks2                   \STACK.LIB                        345  unsigned long   
 91:c618        4   _Alloc_Stack:retval             \STACK.LIB                        584  long            
 91:c616        2   _Alloc_Stack:fsPtr              \STACK.LIB                        586  char*           
 91:c614        2   _Dealloc_Stack:fsPtr            \STACK.LIB                        663  char*           
 91:c610        4   _rk_xubreak                     \MEM.LIB                          347  long            
 91:c60e        2   _rk_ubreak                      \MEM.LIB                           44  struct _rk_ubreak*
 91:c60c        2   _sys_exit_ret                   \SYS.LIB                           46  int             
 91:c60a        2   _sys_exit_err                   \SYS.LIB                           47  int             
 91:c609        1   topVd                           \VDRIVER.LIB                      125  char            
 91:c5f5       20   vd_wdogarray                    \VDRIVER.LIB                      133  unsigned int[]  
 91:c5f4        1   bios_intnesting                 \STDVDRIVER.LIB                    59  char            
 91:c5f3        1   bios_swpend                     \STDVDRIVER.LIB                    60  char            
 91:c5f1        2   __MCOS_COUNTER                  \STDVDRIVER.LIB                    53  unsigned int    
 91:c5f0        1   __TICK_COUNTER                  \STDVDRIVER.LIB                    51  char            
 91:c5ef        1   __MS_COUNTER                    \STDVDRIVER.LIB                    52  char            
 91:c5eb        4   SEC_TIMER                       \STDVDRIVER.LIB                    57  unsigned long   
 91:c5e7        4   MS_TIMER                        \STDVDRIVER.LIB                    55  unsigned long   
 91:c5e3        4   TICK_TIMER                      \STDVDRIVER.LIB                    56  unsigned long   
 91:c5e1        2   __MCOS_CNT_VAL                  \STDVDRIVER.LIB                    54  unsigned int    
 91:c5e0        1   pisr_inuse                      \STDVDRIVER.LIB                    74  char            
 91:c5df        1   dkStatusFlags                   \DKCORE.LIB                       288  char            
 91:c5de        1   dkSendFlags                     \DKCORE.LIB                       290  char            
 91:c5dd        1   dkRequest                       \DKCORE.LIB                       291  char            
 91:c5dc        1   dkAckToSend                     \DKCORE.LIB                       292  char            
 91:c5db        1   dkStepFlags                     \DKCORE.LIB                       293  char            
 91:c5d9        2   dkptrASMbuf                     \DKCORE.LIB                       294  char*           
 91:c5c5       20   dkASMbuf                        \DKCORE.LIB                       337  char[]          
 91:c5aa       27   dkRegisters                     \DKCORE.LIB                       296  struct dkRegisters
 91:c5a7        3   dkNextAddress                   \DKCORE.LIB                       301  struct dkNextAddress
 91:c5a4        3   dkBreakAddress                  \DKCORE.LIB                       302  struct dkBreakAddress
 91:c59d        7   dkBreakPoint                    \DKCORE.LIB                       303  struct dkBreakPoint
 91:c59b        2   dkEntryCount                    \DKCORE.LIB                       304  int             
 91:c599        2   dkLastAsmStart                  \DKCORE.LIB                       310  unsigned int    
 91:c597        2   dkLastAsmEnd                    \DKCORE.LIB                       311  unsigned int    
 91:c595        2   dkStackTop                      \DKCORE.LIB                       306  unsigned int    
 91:c593        2   dkStkAddrToSend                 \DKCORE.LIB                       307  unsigned int    
 91:c589       10   dkStackTraceMsg                 \DKCORE.LIB                       308  struct dkStackTraceMsg
 91:c588        1   dkLocks                         \DKCORE.LIB                       312  char            
 91:c587        1   dkUCos                          \DKCORE.LIB                       314  char            
 91:c586        1   dkRST28State                    \DKCORE.LIB                       316  char            
 91:c585        1   dkRST20State                    \DKCORE.LIB                       317  char            
 91:c583        2   rstvectorreturn                 \DKCORE.LIB                       319  int             
 91:c582        1   dkSUval                         \DKCORE.LIB                       320  char            
 91:c580        2   FSP                             \SLICE.LIB                         20  void*           
 91:c57e        2   DBGFSP                          \SLICE.LIB                         20  void*           
 91:c57c        2   GLOBAL:biossp                   \STACK.LIB                        726  int             
 91:c57a        2   GLOBAL:biossr                   \STACK.LIB                        726  int             
 91:c576        4   dkStructWatchMem                \DKCORE.LIB                      2862  unsigned long   
 91:c575        1   dkWatchCount                    \DKCORE.LIB                      2467  char            
 91:c569       12   dkWatchExpression               \DKCORE.LIB                      2463  struct dkWatchExpression
 91:c4d9      144   dkWatchTable                    \DKCORE.LIB                      2475  struct dkWatchTable[]
 91:c4d7        2   dkWatchIndex                    \DKCORE.LIB                      2462  unsigned int    
 91:c4d6        1   __dk_watchcurindex              \DKCORE.LIB                      2477  char            
 91:c4d5        1   __dk_watchnumleft               \DKCORE.LIB                      2478  char            
 91:c4d4        1   __dk_watchcurxpc                \DKCORE.LIB                      2479  char            
 91:c4d2        2   __dk_watchcuroffset             \DKCORE.LIB                      2480  unsigned int    
 91:c4d0        2   __dk_ptrexecwatchret            \DKCORE.LIB                      2481  unsigned int    
 91:c4ce        2   dkStructWatchBufferOffset       \DKCORE.LIB                      2464  int             
 91:c4cb        3   dkStackAddress                  \DKCORE.LIB                      1517  struct dkStackAddress
 91:c4c8        3   dkReturnAddress                 \DKCORE.LIB                      1518  struct dkReturnAddress
 91:c4c0        8   dknextasm                       \DKCORE.LIB                      1531  char[]          
    35e4       64   dkOpsize                        \DKCORE.LIB                      2215  const char[]    
    3624       64   dkPrefixed                      \DKCORE.LIB                      2257  const char[]    
 91:c4bd        3   dkCurBPAddress                  \DKCOMMON.LIB                     230  struct dkCurBPAddress
 91:c3dd      224   dkBPTable                       \DKCORE.LIB                       856  struct dkBPTable[]
 91:c3dc        1   dkBPCount                       \DKCORE.LIB                       852  char            
    395d       60   dkJumpTable                     \DKAPP.LIB                        749  void(* const [])()
 91:c3d9        3   dkEnabledOptions                \DKAPP.LIB                         91  struct dkEnabledOptions
 91:c3d8        1   dkCharData                      \DKCORE.LIB                      3014  char            
 91:c3d7        1   dkCharReady                     \DKCORE.LIB                      3015  char            
 91:c3d5        2   dkStdioTimeout                  \DKCOMMON.LIB                     523  unsigned int    
 91:c3d3        2   dkGetCharTimeout                \DKCOMMON.LIB                     524  unsigned int    
    3c02        2   _orgtablesize                   \Rabbitbios.c                      41  int             
    3c04        0   _orgtable                       \Rabbitbios.c                      42  struct _orgtable[]

// Parameter and local auto symbol mapping and source reference.
//Offset Rel. to     Size   Symbol                          File                         Line Num  Type
       4      IX        2   SetVectExtern3000:interruptNum  \SYS.LIB                         1068  int             
       6      IX        2   SetVectExtern3000:isr           \SYS.LIB                         1068  void*           
      16      SP        4   _Init_Stacks:spaceLeft          \STACK.LIB                        423  long            
      14      SP        2   _Init_Stacks:i                  \STACK.LIB                        424  int             
       4      SP       10   _Init_Stacks:locCounts          \STACK.LIB                        425  unsigned int[]  
       2      SP        2   _Init_Stacks:allocIndex         \STACK.LIB                        426  unsigned int    
       0      SP        2   _Init_Stacks:totalStackCounts   \STACK.LIB                        427  unsigned int    
       4      SP        4   _Get_Stack_Size:ptr             \STACK.LIB                        505  long            
       0      SP        2   _Get_Stack_Size:i               \STACK.LIB                        506  int             
       6      SP        2   _Alloc_Stack:sz                 \STACK.LIB                        582  unsigned int    
       2      SP        2   _Alloc_Stack:i                  \STACK.LIB                        585  int             
       0      SP        2   _Alloc_Stack:i2                 \STACK.LIB                        585  int             
       6      SP        4   _Dealloc_Stack:ptr              \STACK.LIB                        660  long            
       2      SP        2   _Dealloc_Stack:i                \STACK.LIB                        662  int             
       0      SP        2   _Dealloc_Stack:i2               \STACK.LIB                        662  int             
       4      SP        2   _gen_lin2seg:laddr              \XMEM.LIB                          94  long*           
       6      SP        1   _gen_lin2seg:norm               \XMEM.LIB                          94  char            
       0      SP        2   _gen_lin2seg:old_ix             \XMEM.LIB                          95  int             
       2      SP        4   xalloc:sz                       \STACK.LIB                        331  long            
      34      SP        2   _rs_xalloc:szp                  \MEM.LIB                          357  long*           
      36      SP        2   _rs_xalloc:alignm               \MEM.LIB                          357  unsigned int    
      38      SP        2   _rs_xalloc:type                 \MEM.LIB                          357  unsigned int    
      30      SP        2   _rs_xalloc:i                    \MEM.LIB                          360  int             
      26      SP        4   _rs_xalloc:mask                 \MEM.LIB                          361  long            
      22      SP        4   _rs_xalloc:next                 \MEM.LIB                          361  long            
      18      SP        4   _rs_xalloc:sz                   \MEM.LIB                          362  long            
      14      SP        4   _rs_xalloc:base                 \MEM.LIB                          362  long            
       0      SP       14   _rs_xalloc:xsbreak              \MEM.LIB                          363  struct _rs_xalloc:xsbreak
       4      IX        2   xmem2root:dest                  \XMEM.LIB                         233  void*           
       6      IX        4   xmem2root:src                   \XMEM.LIB                         233  unsigned long   
      10      IX        2   xmem2root:len                   \XMEM.LIB                         233  unsigned int    
       6      SP        4   xmem2xmem:dest                  \XMEM.LIB                         513  unsigned long   
      10      SP        4   xmem2xmem:src                   \XMEM.LIB                         513  unsigned long   
      14      SP        2   xmem2xmem:len                   \XMEM.LIB                         513  unsigned int    
       0      SP        4   xmem2xmem:tocopy                \XMEM.LIB                         515  long            
       3      SP        2   paddr:pointer                   \XMEM.LIB                        1102  void*           
       5      IX        4   root2xmem:dest                  \XMEM.LIB                         174  unsigned long   
       9      IX        2   root2xmem:src                   \XMEM.LIB                         174  void*           
      11      IX        2   root2xmem:len                   \XMEM.LIB                         174  unsigned int    
       3      SP        2   _rk_alloc_calc_chksum:p         \MEM.LIB                           59  void*           
       5      SP        2   _rk_alloc_calc_chksum:num       \MEM.LIB                           59  int             
       3      SP        2   _disable_serial_interrupt:shadow \UTIL.LIB                        2003  char*           
       5      SP        2   _disable_serial_interrupt:port  \UTIL.LIB                        2003  int             
       0      SP        2   _init_xalloc:p                  \MEM.LIB                          647  char*           
      41      SP        2   _rs_xalloc_init:orgtbl          \MEM.LIB                           91  struct _rs_xalloc_init:orgtbl*
      43      SP        2   _rs_xalloc_init:orgtblsize      \MEM.LIB                           91  unsigned int    
      34      SP        4   _rs_xalloc_init:left_marker     \MEM.LIB                           93  long            
      30      SP        4   _rs_xalloc_init:right_marker    \MEM.LIB                           93  long            
      26      SP        4   _rs_xalloc_init:next_xsbreak_paddr \MEM.LIB                           94  long            
      24      SP        2   _rs_xalloc_init:i               \MEM.LIB                           95  int             
      10      SP       14   _rs_xalloc_init:xsbreak         \MEM.LIB                           96  struct _rs_xalloc_init:xsbreak
       6      SP        4   _rs_xalloc_init:available_bytes \MEM.LIB                           97  long            
       4      SP        2   _rs_xalloc_init:current_origin  \MEM.LIB                           98  struct _rs_xalloc_init:current_origin*
       0      SP        4   _rs_xalloc_init:memstart        \MEM.LIB                           99  long            
      13      SP        2   _rs_alloc_init:orgtbl           \MEM.LIB                          240  struct _rs_alloc_init:orgtbl*
      15      SP        2   _rs_alloc_init:orgtblsize       \MEM.LIB                          240  unsigned int    
       8      SP        2   _rs_alloc_init:i                \MEM.LIB                          242  unsigned int    
       6      SP        2   _rs_alloc_init:msize            \MEM.LIB                          242  unsigned int    
       4      SP        2   _rs_alloc_init:bsize            \MEM.LIB                          242  unsigned int    
       2      SP        2   _rs_alloc_init:mbreak           \MEM.LIB                          243  struct _rs_alloc_init:mbreak*
       0      SP        2   _rs_alloc_init:pe               \MEM.LIB                          244  struct _rs_alloc_init:pe*
       0      SP        0   VdInit:_____ZW000000D1          \VDRIVER.LIB                       64  void            
       0      SP        0   read_rtc:_____ZW000000DB        \RTCLOCK.LIB                      176  void            
       2      SP        2   dkDoWatchExpression:WatchExpression \DKCORE.LIB                      2880  struct dkDoWatchExpression:WatchExpression
       0      SP        0   dkSetStdioTimer:_____ZW000000E2 \DKCOMMON.LIB                     526  void            
       0      SP        0   dkCheckStdioTimeOut:_____ZW000000E4 \DKCOMMON.LIB                     535  void            
       0      SP        0   dkSetGetCharTimer:_____ZW000000E8 \DKCOMMON.LIB                     549  void            
       0      SP        0   dkCheckGetCharTimeOut:_____ZW000000EA \DKCOMMON.LIB                     558  void            


// Macro listing and source reference.
//  Name                           File                         Line Num
   _RESTRICT_WATCHCODE_            
   ZWORLD_RESERVED_SIZE            \DEFAULT.H                        276
   SETUSERMODE                     \DEFAULT.H                        286
   SETSYSMODE                      \DEFAULT.H                        287
   _system                         \DEFAULT.H                        288
   _SYS_CALL_VARS                  \DEFAULT.H                        289
   _NET_SYSCALL                    \DEFAULT.H                        290
   _rk_printf                      \DEFAULT.H                        291
   _rk_sprintf                     \DEFAULT.H                        292
   DK_ENABLE_BREAKPOINTS           \DEFAULT.H                        328
   DK_ENABLE_ASMSINGLESTEP         \DEFAULT.H                        336
   DK_ENABLE_WATCHEXPRESSIONS      \DEFAULT.H                        344
   DK_ENABLE_TRACING               \DEFAULT.H                        352
   DK_ENABLE_STACK_TRACING         \DEFAULT.H                        360
   DK_SEND_STACK_LENGTH            \DEFAULT.H                        368
   DK_ENABLE_DEBUGKERNEL           \DEFAULT.H                        370
   __DKENTRY_LIB                   \DKENTRY.LIB                        2
   __DKCOMMON_LIB                  \DKCOMMON.LIB                       2
   __DKCORE_LIB                    \DKCORE.LIB                         2
   TC_TYPE_DEBUG                   \DKCORE.LIB                        14
   TC_DEBUG_NOREQUEST              \DKCORE.LIB                        16
   TC_DEBUG_SINGLESTEP             \DKCORE.LIB                        17
   TC_DEBUG_TOGGLEBREAKPOINT       \DKCORE.LIB                        18
   TC_DEBUG_CLEARBREAKPOINTS       \DKCORE.LIB                        19
   TC_DEBUG_TOGGLEALLBREAKPOINTS   \DKCORE.LIB                        20
   TC_DEBUG_ATBREAKPOINT           \DKCORE.LIB                        21
   TC_DEBUG_STARTPROGRAM           \DKCORE.LIB                        22
   TC_DEBUG_RUNPROGRAM             \DKCORE.LIB                        23
   TC_DEBUG_STOPPROGRAM            \DKCORE.LIB                        24
   TC_DEBUG_ADDWATCH               \DKCORE.LIB                        25
   TC_DEBUG_DELETEWATCH            \DKCORE.LIB                        26
   TC_DEBUG_DELETEALLWATCHES       \DKCORE.LIB                        27
   TC_DEBUG_EXECWATCH              \DKCORE.LIB                        28
   TC_DEBUG_EXECALLWATCHES         \DKCORE.LIB                        29
   TC_DEBUG_SENDCHAR               \DKCORE.LIB                        30
   TC_DEBUG_RESET                  \DKCORE.LIB                        31
   TC_DEBUG_SETSENDFLAGS           \DKCORE.LIB                        32
   TC_DEBUG_REGDATA                \DKCORE.LIB                        33
   TC_DEBUG_WATCHDATA              \DKCORE.LIB                        34
   TC_DEBUG_ASMDATA                \DKCORE.LIB                        35
   TC_DEBUG_STACKDATA              \DKCORE.LIB                        36
   TC_DEBUG_STDIO                  \DKCORE.LIB                        37
   TC_DEBUG_WRITEREGDATA           \DKCORE.LIB                        38
   TC_DEBUG_STDIOCHARREADY         \DKCORE.LIB                        39
   TC_DEBUG_NOOP                   \DKCORE.LIB                        40
   TC_DEBUG_ENABLEDOPTIONS         \DKCORE.LIB                        41
   TC_DEBUG_WRITESTACKSIZE         \DKCORE.LIB                        47
   TC_DEBUG_STACKTRACEDATA         \DKCORE.LIB                        48
   DKF_STEP_INTO                   \DKCORE.LIB                        52
   DKF_STEP_OVER                   \DKCORE.LIB                        53
   DKF_STEP_ASM                    \DKCORE.LIB                        54
   DKF_STEP_SOURCE                 \DKCORE.LIB                        55
   DKF_STEP_CALL                   \DKCORE.LIB                        56
   DKF_STEP_LCALL                  \DKCORE.LIB                        57
   DKF_STAT_AT_BP                  \DKCORE.LIB                        60
   DKF_STAT_AT_HARD_BP             \DKCORE.LIB                        61
   DKF_STAT_RUNMODE                \DKCORE.LIB                        62
   DKF_STAT_STEPMODE               \DKCORE.LIB                        63
   DKF_STAT_ASMSTEPMODE            \DKCORE.LIB                        64
   DKF_STAT_ATEXIT                 \DKCORE.LIB                        65
   DKF_STAT_CONTEXTSWITCH          \DKCORE.LIB                        66
   DKF_STAT_INWATCH                \DKCORE.LIB                        67
   _TRACE                          \DKCORE.LIB                       135
   _TRACEON                        \DKCORE.LIB                       136
   _TRACEOFF                       \DKCORE.LIB                       137
   DK_SEND_ASM_LENGTH              \DKCORE.LIB                       141
   DKF_SEND_STACK                  \DKCORE.LIB                       143
   DKF_SEND_WATCHES                \DKCORE.LIB                       144
   DKF_SEND_ASM                    \DKCORE.LIB                       145
   DKF_SEND_REGS                   \DKCORE.LIB                       146
   DKF_SEND_STATUS                 \DKCORE.LIB                       147
   DKF_SEND_ACK                    \DKCORE.LIB                       148
   DKF_SEND_STACKTRACE             \DKCORE.LIB                       153
   DK_ERROR_BPNOTENABLED           \DKCORE.LIB                       159
   DK_ERROR_ASMSINGLESTEPNOTENABLED \DKCORE.LIB                       160
   DK_ERROR_WATCHNOTENABLED        \DKCORE.LIB                       161
   DKF_STDIO_LOCK                  \DKCORE.LIB                       163
   DKF_GETCHAR_LOCK                \DKCORE.LIB                       164
   DKF_RESET_LOCK                  \DKCORE.LIB                       165
   DKF_DK_LOCK                     \DKCORE.LIB                       166
   DK_STDIO_TIMEOUT                \DKCORE.LIB                       167
   DK_GETCHAR_TIMEOUT              \DKCORE.LIB                       168
   dkIOI                           \DKCORE.LIB                       170
   dkIOE                           \DKCORE.LIB                       171
   dkALTD                          \DKCORE.LIB                       172
   DK_RST20                        \DKCORE.LIB                       174
   DK_RST28                        \DKCORE.LIB                       175
   dkZZ                            \DKCORE.LIB                       182
   dkZS                            \DKCORE.LIB                       183
   dkZD                            \DKCORE.LIB                       184
   dkZT                            \DKCORE.LIB                       185
   dkSZ                            \DKCORE.LIB                       186
   dkSS                            \DKCORE.LIB                       187
   dkSD                            \DKCORE.LIB                       188
   dkST                            \DKCORE.LIB                       189
   dkDZ                            \DKCORE.LIB                       190
   dkDS                            \DKCORE.LIB                       191
   dkDD                            \DKCORE.LIB                       192
   dkDT                            \DKCORE.LIB                       193
   dkTZ                            \DKCORE.LIB                       194
   dkTS                            \DKCORE.LIB                       195
   dkTD                            \DKCORE.LIB                       196
   dkTT                            \DKCORE.LIB                       197
   DK_MAX_WATCHES                  \DKCORE.LIB                       274
   DKF_BP_INACTIVE                 \DKCORE.LIB                       814
   DKF_BP_ACTIVE                   \DKCORE.LIB                       815
   DKF_BP_DELETED                  \DKCORE.LIB                       816
   DKF_BP_CONDITIONAL              \DKCORE.LIB                       817
   DKF_BP_HARD                     \DKCORE.LIB                       818
   DKF_BP_INSERT                   \DKCORE.LIB                       821
   DKF_BP_FOUND                    \DKCORE.LIB                       822
   DKF_BP_NOTFOUND                 \DKCORE.LIB                       823
   DKF_BP_EMPTYFOUND               \DKCORE.LIB                       824
   DKF_BP_EXHAUSTED                \DKCORE.LIB                       825
   DK_MAX_BREAKPOINTS              \DKCORE.LIB                       830
   DK_BREAKPOINT_MASK              \DKCORE.LIB                       848
   DKF_RST_RST28                   \DKCORE.LIB                      3264
   DKF_RST_RST20                   \DKCORE.LIB                      3265
   DKF_RST_RST18                   \DKCORE.LIB                      3266
   __DKAPP_LIB                     \DKAPP.LIB                          2
   DKF_OPTIONS_BREAKPOINTS         \DKAPP.LIB                         71
   DKF_OPTIONS_ASMSINGLESTEP       \DKAPP.LIB                         72
   DKF_OPTIONS_WATCHES             \DKAPP.LIB                         73
   DK_BREAKPOINTS_ENABLED          \DKAPP.LIB                         75
   DK_ASMSINGLESTEP_ENABLED        \DKAPP.LIB                         76
   DK_WATCHES_ENABLED              \DKAPP.LIB                         77
   __PROGRAM_LIB                   \PROGRAM.LIB                        2
   _program_debug                  \PROGRAM.LIB                        4
   _rk_mem_debug                   \MEM.LIB                            5
   XALLOC_ANY                      \MEM.LIB                           12
   XALLOC_BB                       \MEM.LIB                           13
   XALLOC_NOTBB                    \MEM.LIB                           14
   XALLOC_MAYBBB                   \MEM.LIB                           15
   _RS_USER_XALLOC_START           \MEM.LIB                           80
   _RS_XALLOC_START                \MEM.LIB                           81
   _RS_XALLOC_END                  \MEM.LIB                           82
   _xavail                         \MEM.LIB                          514
   DEFAULTSTACKSIZE                \PROGRAM.LIB                      102
   STACK_CNT_256                   \STACK.LIB                        353
   STACK_CNT_512                   \STACK.LIB                        356
   STACK_CNT_1K                    \STACK.LIB                        359
   STACK_CNT_2K                    \STACK.LIB                        362
   STACK_CNT_4K                    \STACK.LIB                        365
   TOTAL_STACK_CNT                 \STACK.LIB                        388
   UEI                             \PROGRAM.LIB                      277
   _RK_XBREAK_T_ADJ                \MEM.LIB                          107
   _DK_POINTER                     \DKCORE.LIB                      2873
   _DK_ID_MASK                     \DKCORE.LIB                      2874


// Function call graph.
premain
   VdInit
      periodic_init
         read_rtc
      vwdogInit
         memset
   _Alloc_Stack
      _gen_lin2seg
   _BiosStkSwitch
   _Dealloc_Stack
   _Init_Stacks
      xalloc
         _rs_xalloc
            _rk_alloc_calc_chksum
            exit
            root2xmem
               paddr
               xmem2xmem
                  xmem_cpyblkbwd
                  xmem_cpyblkfwd
            xmem2root
               paddr
               xmem2xmem->**see above**
   _ProgStkSwitch
   _init_bad_interrupts
   _init_xalloc
      _rs_alloc_init
         _rk_alloc_calc_chksum
      _rs_xalloc_init
      exception
      exit
   exception
   exit
   main
